******************************************************************************
                  TI ARM Linker PC v20.2.0                     
******************************************************************************
>> Linked Mon May 11 15:02:12 2020

OUTPUT FILE NAME:   <ISR0.out>
ENTRY POINT SYMBOL: "_c_int00_noargs"  address: 000007f1


MEMORY CONFIGURATION

         name            origin    length      used     unused   attr    fill
----------------------  --------  ---------  --------  --------  ----  --------
  FLASH                 00000000   00040000  000009a6  0003f65a  R  X
  SRAM                  20000000   00008000  00000204  00007dfc  RW X


SEGMENT ALLOCATION MAP

run origin  load origin   length   init length attrs members
----------  ----------- ---------- ----------- ----- -------
00000000    00000000    000009ac   000009ac    r-x
  00000000    00000000    0000026c   0000026c    r-- .intvecs
  0000026c    0000026c    000006ba   000006ba    r-x .text
  00000928    00000928    0000006c   0000006c    r-- .const
  00000998    00000998    00000014   00000014    r-- .cinit
20000000    20000000    00000204   00000000    rw-
  20000000    20000000    00000200   00000000    rw- .stack
  20000200    20000200    00000004   00000000    rw- .bss


SECTION ALLOCATION MAP

 output                                  attributes/
section   page    origin      length       input sections
--------  ----  ----------  ----------   ----------------
.intvecs   0    00000000    0000026c     
                  00000000    0000026c     tm4c123gh6pm_startup_ccs.obj (.intvecs)

.text      0    0000026c    000006ba     
                  0000026c    0000018c     main.obj (.text)
                  000003f8    00000132     driverlib.lib : gpio.obj (.text:GPIOPadConfigSet)
                  0000052a    00000002     --HOLE-- [fill = 0]
                  0000052c    00000110                   : sysctl.obj (.text:SysCtlClockGet)
                  0000063c    000000f4                   : sysctl.obj (.text:SysCtlClockSet)
                  00000730    00000046                   : uart.obj (.text:UARTConfigSetExpClk)
                  00000776    00000002     --HOLE-- [fill = 0]
                  00000778    00000044     rtsv7M4_T_le_v4SPD16_eabi.lib : autoinit.c.obj (.text:__TI_auto_init_nobinit_nopinit:__TI_auto_init_nobinit_nopinit)
                  000007bc    00000034     driverlib.lib : sysctl.obj (.text:SysCtlPeripheralEnable)
                  000007f0    00000034     rtsv7M4_T_le_v4SPD16_eabi.lib : boot_cortex_m.c.obj (.text:_c_int00_noargs:_c_int00_noargs)
                  00000824    0000002a     driverlib.lib : gpio.obj (.text:GPIODirModeSet)
                  0000084e    00000002     --HOLE-- [fill = 0]
                  00000850    00000020                   : uart.obj (.text:UARTDisable)
                  00000870    0000001c     rtsv7M4_T_le_v4SPD16_eabi.lib : copy_zero_init.c.obj (.text:decompress:ZI:__TI_zero_init_nomemset:__TI_zero_init_nomemset)
                  0000088c    00000018     driverlib.lib : gpio.obj (.text:GPIOPinTypeGPIOOutput)
                  000008a4    00000014                   : systick.obj (.text:SysTickEnable)
                  000008b8    00000014                   : uart.obj (.text:UARTEnable)
                  000008cc    00000012                   : gpio.obj (.text:GPIOPinTypeUART)
                  000008de    00000002     --HOLE-- [fill = 0]
                  000008e0    00000010                   : systick.obj (.text:SysTickPeriodSet)
                  000008f0    0000000c                   : systick.obj (.text:SysTickValueGet)
                  000008fc    0000000c     tm4c123gh6pm_startup_ccs.obj (.text)
                  00000908    0000000a     driverlib.lib : uart.obj (.text:UARTCharPut)
                  00000912    00000006                   : gpio.obj (.text:GPIOPinWrite)
                  00000918    00000006                   : sysctl.obj (.text:SysCtlDelay)
                  0000091e    00000004     rtsv7M4_T_le_v4SPD16_eabi.lib : pre_init.c.obj (.text:_system_pre_init)
                  00000922    00000004                                   : exit.c.obj (.text:abort:abort)

.const     0    00000928    0000006c     
                  00000928    0000006c     driverlib.lib : sysctl.obj (.const:g_pui32Xtals)

.cinit     0    00000998    00000014     
                  00000998    00000008     (.cinit..bss.load) [load image, compression = zero_init]
                  000009a0    00000004     (__TI_handler_table)
                  000009a4    00000008     (__TI_cinit_table)

.init_array 
*          0    00000000    00000000     UNINITIALIZED

.bss       0    20000200    00000004     UNINITIALIZED
                  20000200    00000004     (.common:i)

.stack     0    20000000    00000200     UNINITIALIZED
                  20000000    00000004     rtsv7M4_T_le_v4SPD16_eabi.lib : boot_cortex_m.c.obj (.stack)
                  20000004    000001fc     --HOLE--

__llvm_prf_cnts 
*          0    20000000    00000000     UNINITIALIZED

MODULE SUMMARY

       Module                         code   ro data   rw data
       ------                         ----   -------   -------
    .\
       tm4c123gh6pm_startup_ccs.obj   12     620       0      
       main.obj                       396    0         4      
    +--+------------------------------+------+---------+---------+
       Total:                         408    620       4      
                                                              
    C:/ti/TivaWare_C_Series-2.1.4.178/driverlib/ccs/Debug/driverlib.lib
       sysctl.obj                     574    108       0      
       gpio.obj                       396    0         0      
       uart.obj                       132    0         0      
       systick.obj                    48     0         0      
    +--+------------------------------+------+---------+---------+
       Total:                         1150   108       0      
                                                              
    C:\ti\ccs1000\ccs\tools\compiler\ti-cgt-arm_20.2.0.LTS\lib\rtsv7M4_T_le_v4SPD16_eabi.lib
       autoinit.c.obj                 68     0         0      
       boot_cortex_m.c.obj            52     0         0      
       copy_zero_init.c.obj           28     0         0      
       exit.c.obj                     4      0         0      
       pre_init.c.obj                 4      0         0      
    +--+------------------------------+------+---------+---------+
       Total:                         156    0         0      
                                                              
       Stack:                         0      0         512    
       Linker Generated:              0      20        0      
    +--+------------------------------+------+---------+---------+
       Grand Total:                   1714   748       516    


LINKER GENERATED COPY TABLES

__TI_cinit_table @ 000009a4 records: 1, size/record: 8, table size: 8
	.bss: load addr=00000998, load size=00000008 bytes, run addr=20000200, run size=00000004 bytes, compression=zero_init


LINKER GENERATED HANDLER TABLE

__TI_handler_table @ 000009a0 records: 1, size/record: 4, table size: 4
	index: 0, handler: __TI_zero_init


GLOBAL SYMBOLS: SORTED ALPHABETICALLY BY Name 

address   name                          
-------   ----                          
00000923  C$$EXIT                       
00000825  GPIODirModeSet                
000003f9  GPIOPadConfigSet              
0000088d  GPIOPinTypeGPIOOutput         
000008cd  GPIOPinTypeUART               
00000913  GPIOPinWrite                  
00000353  InitUART                      
000008fd  ResetISR                      
0000052d  SysCtlClockGet                
0000063d  SysCtlClockSet                
00000919  SysCtlDelay                   
000007bd  SysCtlPeripheralEnable        
000008a5  SysTickEnable                 
000008e1  SysTickPeriodSet              
000008f1  SysTickValueGet               
00000909  UARTCharPut                   
00000731  UARTConfigSetExpClk           
00000851  UARTDisable                   
000008b9  UARTEnable                    
20000200  __STACK_END                   
00000200  __STACK_SIZE                  
20000200  __STACK_TOP                   
000009a4  __TI_CINIT_Base               
000009ac  __TI_CINIT_Limit              
000009a0  __TI_Handler_Table_Base       
000009a4  __TI_Handler_Table_Limit      
00000779  __TI_auto_init_nobinit_nopinit
ffffffff  __TI_pprof_out_hndl           
ffffffff  __TI_prof_data_size           
ffffffff  __TI_prof_data_start          
00000000  __TI_static_base__            
00000871  __TI_zero_init_nomemset       
ffffffff  __binit__                     
ffffffff  __c_args__                    
UNDEFED   __mpu_init                    
20000000  __stack                       
20000000  __start___llvm_prf_cnts       
20000000  __stop___llvm_prf_cnts        
000007f1  _c_int00_noargs               
UNDEFED   _system_post_cinit            
0000091f  _system_pre_init              
00000923  abort                         
ffffffff  binit                         
000002ad  delay                         
000002d9  delay1ms                      
000002f7  delay2                        
00000000  g_pfnVectors                  
20000200  i                             
0000026d  main                          


GLOBAL SYMBOLS: SORTED BY Symbol Address 

address   name                          
-------   ----                          
00000000  __TI_static_base__            
00000000  g_pfnVectors                  
00000200  __STACK_SIZE                  
0000026d  main                          
000002ad  delay                         
000002d9  delay1ms                      
000002f7  delay2                        
00000353  InitUART                      
000003f9  GPIOPadConfigSet              
0000052d  SysCtlClockGet                
0000063d  SysCtlClockSet                
00000731  UARTConfigSetExpClk           
00000779  __TI_auto_init_nobinit_nopinit
000007bd  SysCtlPeripheralEnable        
000007f1  _c_int00_noargs               
00000825  GPIODirModeSet                
00000851  UARTDisable                   
00000871  __TI_zero_init_nomemset       
0000088d  GPIOPinTypeGPIOOutput         
000008a5  SysTickEnable                 
000008b9  UARTEnable                    
000008cd  GPIOPinTypeUART               
000008e1  SysTickPeriodSet              
000008f1  SysTickValueGet               
000008fd  ResetISR                      
00000909  UARTCharPut                   
00000913  GPIOPinWrite                  
00000919  SysCtlDelay                   
0000091f  _system_pre_init              
00000923  C$$EXIT                       
00000923  abort                         
000009a0  __TI_Handler_Table_Base       
000009a4  __TI_CINIT_Base               
000009a4  __TI_Handler_Table_Limit      
000009ac  __TI_CINIT_Limit              
20000000  __stack                       
20000000  __start___llvm_prf_cnts       
20000000  __stop___llvm_prf_cnts        
20000200  __STACK_END                   
20000200  __STACK_TOP                   
20000200  i                             
ffffffff  __TI_pprof_out_hndl           
ffffffff  __TI_prof_data_size           
ffffffff  __TI_prof_data_start          
ffffffff  __binit__                     
ffffffff  __c_args__                    
ffffffff  binit                         
UNDEFED   __mpu_init                    
UNDEFED   _system_post_cinit            

[49 symbols]
