******************************************************************************
                  TI ARM Linker PC v20.2.0                     
******************************************************************************
>> Linked Mon May 11 15:22:07 2020

OUTPUT FILE NAME:   <UART.out>
ENTRY POINT SYMBOL: "_c_int00_noinit_noargs"  address: 000006d1


MEMORY CONFIGURATION

         name            origin    length      used     unused   attr    fill
----------------------  --------  ---------  --------  --------  ----  --------
  FLASH                 00000000   00040000  00000816  0003f7ea  R  X
  SRAM                  20000000   00008000  00000200  00007e00  RW X


SEGMENT ALLOCATION MAP

run origin  load origin   length   init length attrs members
----------  ----------- ---------- ----------- ----- -------
00000000    00000000    00000818   00000818    r-x
  00000000    00000000    0000026c   0000026c    r-- .intvecs
  0000026c    0000026c    0000053e   0000053e    r-x .text
  000007ac    000007ac    0000006c   0000006c    r-- .const
20000000    20000000    00000200   00000000    rw-
  20000000    20000000    00000200   00000000    rw- .stack


SECTION ALLOCATION MAP

 output                                  attributes/
section   page    origin      length       input sections
--------  ----  ----------  ----------   ----------------
.intvecs   0    00000000    0000026c     
                  00000000    0000026c     tm4c123gh6pm_startup_ccs.obj (.intvecs)

.text      0    0000026c    0000053e     
                  0000026c    00000132     driverlib.lib : gpio.obj (.text:GPIOPadConfigSet)
                  0000039e    00000002     --HOLE-- [fill = 0]
                  000003a0    00000110                   : sysctl.obj (.text:SysCtlClockGet)
                  000004b0    000000f4                   : sysctl.obj (.text:SysCtlClockSet)
                  000005a4    000000b0     main.obj (.text)
                  00000654    00000046     driverlib.lib : uart.obj (.text:UARTConfigSetExpClk)
                  0000069a    00000002     --HOLE-- [fill = 0]
                  0000069c    00000034                   : sysctl.obj (.text:SysCtlPeripheralEnable)
                  000006d0    0000002c     rtsv7M4_T_le_v4SPD16_eabi.lib : boot_cortex_m.c.obj (.text:_c_int00_noinit_noargs:_c_int00_noinit_noargs)
                  000006fc    0000002a     driverlib.lib : gpio.obj (.text:GPIODirModeSet)
                  00000726    00000002     --HOLE-- [fill = 0]
                  00000728    00000020                   : uart.obj (.text:UARTDisable)
                  00000748    00000018                   : gpio.obj (.text:GPIOPinTypeGPIOOutput)
                  00000760    00000014                   : uart.obj (.text:UARTEnable)
                  00000774    00000012                   : gpio.obj (.text:GPIOPinTypeUART)
                  00000786    0000000c     tm4c123gh6pm_startup_ccs.obj (.text)
                  00000792    0000000a     driverlib.lib : uart.obj (.text:UARTCharPut)
                  0000079c    00000006                   : sysctl.obj (.text:SysCtlDelay)
                  000007a2    00000004     rtsv7M4_T_le_v4SPD16_eabi.lib : pre_init.c.obj (.text:_system_pre_init)
                  000007a6    00000004                                   : exit.c.obj (.text:abort:abort)

.const     0    000007ac    0000006c     
                  000007ac    0000006c     driverlib.lib : sysctl.obj (.const:g_pui32Xtals)

.cinit     0    00000000    00000000     UNINITIALIZED

.init_array 
*          0    00000000    00000000     UNINITIALIZED

.stack     0    20000000    00000200     UNINITIALIZED
                  20000000    00000004     rtsv7M4_T_le_v4SPD16_eabi.lib : boot_cortex_m.c.obj (.stack)
                  20000004    000001fc     --HOLE--

__llvm_prf_cnts 
*          0    20000000    00000000     UNINITIALIZED

MODULE SUMMARY

       Module                         code   ro data   rw data
       ------                         ----   -------   -------
    .\
       tm4c123gh6pm_startup_ccs.obj   12     620       0      
       main.obj                       176    0         0      
    +--+------------------------------+------+---------+---------+
       Total:                         188    620       0      
                                                              
    C:/ti/TivaWare_C_Series-2.1.4.178/driverlib/ccs/Debug/driverlib.lib
       sysctl.obj                     574    108       0      
       gpio.obj                       390    0         0      
       uart.obj                       132    0         0      
    +--+------------------------------+------+---------+---------+
       Total:                         1096   108       0      
                                                              
    C:\ti\ccs1000\ccs\tools\compiler\ti-cgt-arm_20.2.0.LTS\lib\rtsv7M4_T_le_v4SPD16_eabi.lib
       boot_cortex_m.c.obj            44     0         0      
       exit.c.obj                     4      0         0      
       pre_init.c.obj                 4      0         0      
    +--+------------------------------+------+---------+---------+
       Total:                         52     0         0      
                                                              
       Stack:                         0      0         512    
    +--+------------------------------+------+---------+---------+
       Grand Total:                   1336   728       512    


GLOBAL SYMBOLS: SORTED ALPHABETICALLY BY Name 

address   name                   
-------   ----                   
000007a7  C$$EXIT                
000006fd  GPIODirModeSet         
0000026d  GPIOPadConfigSet       
00000749  GPIOPinTypeGPIOOutput  
00000775  GPIOPinTypeUART        
000005c1  InitUART               
00000787  ResetISR               
000003a1  SysCtlClockGet         
000004b1  SysCtlClockSet         
0000079d  SysCtlDelay            
0000069d  SysCtlPeripheralEnable 
00000793  UARTCharPut            
00000655  UARTConfigSetExpClk    
00000729  UARTDisable            
00000761  UARTEnable             
20000200  __STACK_END            
00000200  __STACK_SIZE           
20000200  __STACK_TOP            
ffffffff  __TI_pprof_out_hndl    
ffffffff  __TI_prof_data_size    
ffffffff  __TI_prof_data_start   
00000000  __TI_static_base__     
ffffffff  __binit__              
ffffffff  __c_args__             
UNDEFED   __mpu_init             
20000000  __stack                
20000000  __start___llvm_prf_cnts
20000000  __stop___llvm_prf_cnts 
000006d1  _c_int00_noinit_noargs 
000007a3  _system_pre_init       
000007a7  abort                  
ffffffff  binit                  
00000000  g_pfnVectors           
000005a5  main                   


GLOBAL SYMBOLS: SORTED BY Symbol Address 

address   name                   
-------   ----                   
00000000  __TI_static_base__     
00000000  g_pfnVectors           
00000200  __STACK_SIZE           
0000026d  GPIOPadConfigSet       
000003a1  SysCtlClockGet         
000004b1  SysCtlClockSet         
000005a5  main                   
000005c1  InitUART               
00000655  UARTConfigSetExpClk    
0000069d  SysCtlPeripheralEnable 
000006d1  _c_int00_noinit_noargs 
000006fd  GPIODirModeSet         
00000729  UARTDisable            
00000749  GPIOPinTypeGPIOOutput  
00000761  UARTEnable             
00000775  GPIOPinTypeUART        
00000787  ResetISR               
00000793  UARTCharPut            
0000079d  SysCtlDelay            
000007a3  _system_pre_init       
000007a7  C$$EXIT                
000007a7  abort                  
20000000  __stack                
20000000  __start___llvm_prf_cnts
20000000  __stop___llvm_prf_cnts 
20000200  __STACK_END            
20000200  __STACK_TOP            
ffffffff  __TI_pprof_out_hndl    
ffffffff  __TI_prof_data_size    
ffffffff  __TI_prof_data_start   
ffffffff  __binit__              
ffffffff  __c_args__             
ffffffff  binit                  
UNDEFED   __mpu_init             

[34 symbols]
